---
source: crates/move-test-runner/tests/cli.rs
expression: "String::from_utf8(output.stdout).unwrap()"
---
+-------------------------+
| Move Coverage Summary   |
+-------------------------+
Module 0000000000000000000000000000000000000000000000000000000000000000::math
	fun checked_div
		total: 11
		covered: 6
		% coverage: 54.55
	fun clamp
		total: 11
		covered: 8
		% coverage: 72.73
	fun unused
		total: 2
		covered: 0
		% coverage: 0.00
>>> % Module coverage: 58.33
+-------------------------+
| % Move Coverage: 58.33  |
+-------------------------+
